// Jest Snapshot v1, https://goo.gl/fbAQLP

exports[`must match with the previous snapshot snapshot renders 1`] = `
<label
  className="sc-bdnylx hyvoVX"
>
  <input
    className="sc-gtssRu gmLqgv"
    type="checkbox"
  />
  <div
    className="sc-dlnjPT bZGJvr"
  >
    <svg
      className="sc-hKFyIo emjGte"
      viewBox="0 0 24 24"
    >
      <polyline
        points="20 6 9 17 4 12"
      />
    </svg>
  </div>
</label>
`;
