// Jest Snapshot v1, https://goo.gl/fbAQLP

exports[`must match with the previous snapshot snapshot renders 1`] = `
<button
  className="sc-AxhCb jGTOcA"
>
  <span
    className="sc-AxiKw gjPZme"
    cursor="pointer"
    fontSize="medium"
  >
    <span
      className="sc-AxiKw bBViMC"
    >
      Button component!
    </span>
  </span>
</button>
`;
