// Jest Snapshot v1, https://goo.gl/fbAQLP

exports[`must match with the previous snapshot snapshot renders 1`] = `
<ul
  className="sc-jSFkmK jVjRpB"
>
  <li
    className="sc-gKAblj kIvKWl"
  >
    <a
      className="sc-dlnjPT hmOVHb"
      href="/"
    >
      <div
        className="sc-bdnylx eFoTQp"
      >
        <div
          className="sc-bdnylx kGpBcS sc-eCApGN zDsfP"
        >
          <svg
            fill="currentColor"
            height="1em"
            stroke="currentColor"
            strokeWidth="0"
            style={
              Object {
                "color": undefined,
              }
            }
            viewBox="0 0 24 24"
            width="1em"
            xmlns="http://www.w3.org/2000/svg"
          >
            <path
              d="M10 20v-6h4v6h5v-8h3L12 3 2 12h3v8z"
            />
          </svg>
        </div>
        início
      </div>
    </a>
  </li>
  <li
    className="sc-gKAblj kIvKWl"
  >
    <a
      className="sc-dlnjPT gWQLzK"
      href="#"
    >
      <div
        className="sc-bdnylx eFoTQp"
      >
        <div
          className="sc-bdnylx kGpBcS sc-eCApGN zDsfP"
        />
        relatório
      </div>
    </a>
  </li>
  <li
    className="sc-gKAblj kIvKWl"
  >
    <a
      className="sc-dlnjPT gWQLzK"
      href="#"
    >
      <div
        className="sc-bdnylx eFoTQp"
      >
        <div
          className="sc-bdnylx kGpBcS sc-eCApGN zDsfP"
        />
        pedidos
      </div>
    </a>
  </li>
</ul>
`;
