// Jest Snapshot v1, https://goo.gl/fbAQLP

exports[`must match with the previous snapshot snapshot renders 1`] = `
<div
  className="sc-gtssRu edRxNW"
  width="100%"
>
  <div
    className="sc-gtssRu fCrJhm"
    width="100%"
  >
    <div
      className="sc-gtssRu jNNDkS"
      width="100%"
    >
      <button
        className="sc-eCApGN hjZHXr"
        onClick={[Function]}
        type="button"
      >
        <div
          className="sc-gtssRu dfpfjj"
          height="24px"
          width="24px"
        >
          <span
            className="sc-bdnylx fNIHTr"
            color="white"
            cursor="pointer"
          >
            1
          </span>
        </div>
        <span
          className="sc-bdnylx hMBpez"
          color="#eb2f96"
          cursor="pointer"
          fontSize="medium"
          fontWeight="medium"
        >
          StepOne
        </span>
      </button>
      <hr
        className="sc-hKFyIo yhYLO"
        height="1px"
        width="100%"
      />
    </div>
    <div
      className="sc-gtssRu jNNDkS"
      width="100%"
    >
      <button
        className="sc-eCApGN hjZHXr"
        onClick={[Function]}
        type="button"
      >
        <div
          className="sc-gtssRu fzuEiW"
          height="24px"
          width="24px"
        >
          <span
            className="sc-bdnylx fNIHTr"
            color="white"
            cursor="pointer"
          >
            2
          </span>
        </div>
        <span
          className="sc-bdnylx kkZeom"
          color="#dedede"
          cursor="pointer"
          fontSize="medium"
          fontWeight="medium"
        >
          StepTwo
        </span>
      </button>
      <hr
        className="sc-hKFyIo yhYLO"
        height="1px"
        width="100%"
      />
    </div>
    <div
      className="sc-gtssRu jNNDkS"
      width="100%"
    >
      <button
        className="sc-eCApGN hjZHXr"
        onClick={[Function]}
        type="button"
      >
        <div
          className="sc-gtssRu fzuEiW"
          height="24px"
          width="24px"
        >
          <span
            className="sc-bdnylx fNIHTr"
            color="white"
            cursor="pointer"
          >
            3
          </span>
        </div>
        <span
          className="sc-bdnylx kkZeom"
          color="#dedede"
          cursor="pointer"
          fontSize="medium"
          fontWeight="medium"
        >
          StepThree
        </span>
      </button>
      <hr
        className="sc-hKFyIo yhYLO"
        height="1px"
        width="100%"
      />
    </div>
    <div
      className="sc-gtssRu drexdK"
      width="80px"
    >
      <button
        className="sc-eCApGN hjZHXr"
        onClick={[Function]}
        type="button"
      >
        <div
          className="sc-gtssRu fzuEiW"
          height="24px"
          width="24px"
        >
          <span
            className="sc-bdnylx fNIHTr"
            color="white"
            cursor="pointer"
          >
            4
          </span>
        </div>
        <span
          className="sc-bdnylx kkZeom"
          color="#dedede"
          cursor="pointer"
          fontSize="medium"
          fontWeight="medium"
        >
          StepFour
        </span>
      </button>
    </div>
  </div>
  <div
    className="sc-dlnjPT ldnTBd"
  >
    <h1>
      One
    </h1>
  </div>
</div>
`;
