// Jest Snapshot v1, https://goo.gl/fbAQLP

exports[`must match with the previous snapshot snapshot renders 1`] = `
<div
  className="sc-AxirZ cdhGFS"
>
  <ul
    className="sc-AxiKw hLaluO"
  >
    <div
      className="sc-AxirZ sc-AxhCb ieIjnR"
    >
      <div
        className="sc-AxirZ iuzSdO"
        onClick={[Function]}
        overflow="hidden"
      >
        <li
          className="sc-AxhUy GNxuG"
          onClick={[Function]}
        >
          <span
            className="sc-AxjAm AAKmN"
            cursor="pointer"
            fontSize={5}
          >
            Item One
          </span>
        </li>
        <li
          className="sc-AxhUy cCSGKR"
          onClick={[Function]}
        >
          <span
            className="sc-AxjAm AAKmN"
            cursor="pointer"
            fontSize={5}
          >
            Item Two
          </span>
        </li>
        <li
          className="sc-AxhUy cCSGKR"
          onClick={[Function]}
        >
          <span
            className="sc-AxjAm AAKmN"
            cursor="pointer"
            fontSize={5}
          >
            Item Three
          </span>
        </li>
      </div>
    </div>
  </ul>
  <div
    className="sc-AxirZ sc-AxgMl gzSqtV"
  >
    Item One
  </div>
</div>
`;
