// Jest Snapshot v1, https://goo.gl/fbAQLP

exports[`must match with the previous snapshot snapshot renders 1`] = `
<div
  className="sc-AxirZ fPWuAN"
>
  <ul
    className="sc-AxiKw hvBpNn"
  >
    <div
      className="sc-AxirZ oWZOx sc-AxhCb jJHqPZ"
    >
      <div
        className="sc-AxirZ jnzPmC"
        onClick={[Function]}
        overflow="hidden"
      >
        <li
          className="sc-AxhUy ebrgoI"
          onClick={[Function]}
        >
          <span
            className="sc-AxjAm AAKmN"
            cursor="pointer"
            fontSize={5}
          >
            Item One
          </span>
        </li>
        <li
          className="sc-AxhUy eHGNcP"
          onClick={[Function]}
        >
          <span
            className="sc-AxjAm AAKmN"
            cursor="pointer"
            fontSize={5}
          >
            Item Two
          </span>
        </li>
        <li
          className="sc-AxhUy eHGNcP"
          onClick={[Function]}
        >
          <span
            className="sc-AxjAm AAKmN"
            cursor="pointer"
            fontSize={5}
          >
            Item Three
          </span>
        </li>
      </div>
    </div>
  </ul>
  <div
    className="sc-AxirZ oWZOx sc-AxgMl euRGDb"
  >
    Item One
  </div>
</div>
`;
