// Jest Snapshot v1, https://goo.gl/fbAQLP

exports[`must match with the previous snapshot snapshot renders 1`] = `
<div
  className="sc-gtssRu cBCJiK"
>
  <ul
    className="sc-dlnjPT cfWhEs"
  >
    <div
      className="sc-gtssRu cQyKxW sc-hKFyIo jYZvMs"
    >
      <div
        className="sc-gtssRu ldkLXJ"
        onClick={[Function]}
        overflow="hidden"
      >
        <li
          className="sc-eCApGN bWBJJc"
          onClick={[Function]}
        >
          <span
            className="sc-bdnylx jesgQY"
            cursor="pointer"
            fontSize={5}
          >
            Item One
          </span>
        </li>
        <li
          className="sc-eCApGN iFqYSf"
          onClick={[Function]}
        >
          <span
            className="sc-bdnylx jesgQY"
            cursor="pointer"
            fontSize={5}
          >
            Item Two
          </span>
        </li>
        <li
          className="sc-eCApGN iFqYSf"
          onClick={[Function]}
        >
          <span
            className="sc-bdnylx jesgQY"
            cursor="pointer"
            fontSize={5}
          >
            Item Three
          </span>
        </li>
      </div>
    </div>
  </ul>
  <div
    className="sc-gtssRu cQyKxW sc-jSFkmK ehsqFt"
  >
    Item One
  </div>
</div>
`;
