// Jest Snapshot v1, https://goo.gl/fbAQLP

exports[`must match with the previous snapshot snapshot renders 1`] = `
<div
  className="sc-bdnylx gfFqSG"
  height="100vh"
>
  <svg
    className="sc-gtssRu cJlNhZ"
    size="medium"
    viewBox="25 25 50 50"
  >
    <circle
      cx="50"
      cy="50"
      r="20"
    />
  </svg>
</div>
`;
