// Jest Snapshot v1, https://goo.gl/fbAQLP

exports[`must match with the previous snapshot snapshot renders 1`] = `
<label
  className="sc-AxiKw ibRvfq"
  disabled={false}
>
  <input
    checked={false}
    disabled={false}
    name="radio"
    onChange={[Function]}
    type="radio"
    value={true}
  />
  <div
    className="sc-AxirZ RoPcv"
  />
</label>
`;
