// Jest Snapshot v1, https://goo.gl/fbAQLP

exports[`must match with the previous snapshot snapshot renders 1`] = `
<div
  className="sc-AxjAm jYazFB sc-fzpans eWDhsX"
>
  <div
    className="sc-AxhUy dDmHvy"
  >
    <div
      className="sc-AxhCb jkHhfy"
    >
      <span
        className="sc-AxirZ hCmXwK"
        color="primary"
        fontWeight="bold"
      >
        
      </span>
    </div>
    <div
      className="sc-AxhUy jzCCTg"
    >
      <span
        className="sc-AxirZ nOQeL"
        color="almostBlack"
        fontWeight="semiBold"
      >
        juliano
      </span>
      <span
        className="sc-AxirZ kDNAxe"
        color="darkGrey"
        fontSize="xsmall"
      >
        test@aiqfome.com
      </span>
    </div>
  </div>
  <hr
    className="sc-AxgMl tfALA"
    height="1px"
    width="100%"
  />
  <ul
    className="sc-fzplWN kyjGRr"
  >
    <li
      className="sc-fzozJi gcECS"
    >
      <a
        className="sc-AxheI juDcHF"
        href="/dashboard"
        onClick={[Function]}
      >
        <div
          className="sc-AxhUy sc-AxmLO kmVXqP"
          color="primary"
        >
          <svg
            fill="currentColor"
            height={18}
            size={18}
            stroke="currentColor"
            strokeWidth="0"
            style={
              Object {
                "color": undefined,
              }
            }
            viewBox="0 0 24 24"
            width={18}
            xmlns="http://www.w3.org/2000/svg"
          >
            <path
              d="M10 20v-6h4v6h5v-8h3L12 3 2 12h3v8z"
            />
          </svg>
        </div>
        <span
          className="sc-AxirZ bAjyB"
          color="darkerGrey"
          cursor="pointer"
        >
          dashboard
        </span>
      </a>
    </li>
    <li
      className="sc-fzozJi gcECS"
    >
      <a
        className="sc-AxheI juDcHF"
        href="/pedidos"
        onClick={[Function]}
      >
        <div
          className="sc-AxhUy sc-AxmLO kmVXqP"
          color="primary"
        >
          <svg
            fill="currentColor"
            height={18}
            size={18}
            stroke="currentColor"
            strokeWidth="0"
            style={
              Object {
                "color": undefined,
              }
            }
            viewBox="0 0 24 24"
            width={18}
            xmlns="http://www.w3.org/2000/svg"
          >
            <path
              d="M17 3H7c-1.1 0-1.99.9-1.99 2L5 21l7-3 7 3V5c0-1.1-.9-2-2-2z"
            />
          </svg>
        </div>
        <span
          className="sc-AxirZ bAjyB"
          color="darkerGrey"
          cursor="pointer"
        >
          bookmark
        </span>
      </a>
    </li>
    <li
      className="sc-fzozJi gcECS"
    >
      <div
        className="sc-AxhUy jzCCTg"
      >
        <div
          className="sc-AxhUy ewRgww"
          onClick={[Function]}
        >
          <div
            className="sc-AxhUy hWpvLO"
          >
            <div
              className="sc-AxhUy sc-AxmLO kmVXqP"
              color="primary"
            >
              <svg
                fill="currentColor"
                height={18}
                size={18}
                stroke="currentColor"
                strokeWidth="0"
                style={
                  Object {
                    "color": undefined,
                  }
                }
                viewBox="0 0 24 24"
                width={18}
                xmlns="http://www.w3.org/2000/svg"
              >
                <path
                  d="M2 20h20v-4H2v4zm2-3h2v2H4v-2zM2 4v4h20V4H2zm4 3H4V5h2v2zm-4 7h20v-4H2v4zm2-3h2v2H4v-2z"
                />
              </svg>
            </div>
            <span
              className="sc-AxirZ bAjyB"
              color="darkerGrey"
              cursor="pointer"
            >
              store
            </span>
          </div>
          <div
            className="sc-AxhUy hWpvLO"
          >
            <div
              className="sc-AxhUy gvsbX"
            >
              <span
                className="sc-AxirZ ezsgln"
                color="white"
                fontSize="small"
              >
                18
              </span>
            </div>
            <div
              className="sc-AxhUy sc-AxmLO rnzlv"
              color="grey"
            >
              <svg
                fill="currentColor"
                height={18}
                size={18}
                stroke="currentColor"
                strokeWidth="0"
                style={
                  Object {
                    "color": undefined,
                  }
                }
                viewBox="0 0 24 24"
                width={18}
                xmlns="http://www.w3.org/2000/svg"
              >
                <path
                  d="M16.59 8.59L12 13.17 7.41 8.59 6 10l6 6 6-6z"
                />
              </svg>
            </div>
          </div>
        </div>
        <ul
          className="sc-fzoLsD cRaTUv hide"
        >
          <li>
            <a
              className="sc-AxheI juDcHF"
              href="/subItem"
              onClick={[Function]}
            >
              <span
                className="sc-AxirZ cnzlxO"
                cursor="pointer"
                fontSize="medium"
              >
                Sub Item
              </span>
            </a>
          </li>
          <li>
            <a
              className="sc-AxheI juDcHF"
              href="/subItem"
              onClick={[Function]}
            >
              <span
                className="sc-AxirZ cnzlxO"
                cursor="pointer"
                fontSize="medium"
              >
                Sub Item
              </span>
            </a>
          </li>
          <li>
            <a
              className="sc-AxheI juDcHF"
              href="/subItem"
              onClick={[Function]}
            >
              <span
                className="sc-AxirZ cnzlxO"
                cursor="pointer"
                fontSize="medium"
              >
                Sub Item
              </span>
              <div
                className="sc-AxhUy gvsbX"
              >
                <span
                  className="sc-AxirZ ezsgln"
                  color="white"
                  fontSize="small"
                >
                  18
                </span>
              </div>
            </a>
          </li>
        </ul>
      </div>
    </li>
    <li
      className="sc-fzozJi gcECS"
    >
      <div
        className="sc-AxhUy jzCCTg"
      >
        <div
          className="sc-AxhUy ewRgww"
          onClick={[Function]}
        >
          <div
            className="sc-AxhUy hWpvLO"
          >
            <div
              className="sc-AxhUy sc-AxmLO kmVXqP"
              color="primary"
            >
              <svg
                fill="currentColor"
                height={18}
                size={18}
                stroke="currentColor"
                strokeWidth="0"
                style={
                  Object {
                    "color": undefined,
                  }
                }
                viewBox="0 0 24 24"
                width={18}
                xmlns="http://www.w3.org/2000/svg"
              >
                <path
                  d="M2 20h20v-4H2v4zm2-3h2v2H4v-2zM2 4v4h20V4H2zm4 3H4V5h2v2zm-4 7h20v-4H2v4zm2-3h2v2H4v-2z"
                />
              </svg>
            </div>
            <span
              className="sc-AxirZ bAjyB"
              color="darkerGrey"
              cursor="pointer"
            >
              itens
            </span>
          </div>
          <div
            className="sc-AxhUy hWpvLO"
          >
            <div
              className="sc-AxhUy hWpvLO"
            />
            <div
              className="sc-AxhUy sc-AxmLO rnzlv"
              color="grey"
            >
              <svg
                fill="currentColor"
                height={18}
                size={18}
                stroke="currentColor"
                strokeWidth="0"
                style={
                  Object {
                    "color": undefined,
                  }
                }
                viewBox="0 0 24 24"
                width={18}
                xmlns="http://www.w3.org/2000/svg"
              >
                <path
                  d="M16.59 8.59L12 13.17 7.41 8.59 6 10l6 6 6-6z"
                />
              </svg>
            </div>
          </div>
        </div>
        <ul
          className="sc-fzoLsD cRaTUv hide"
        >
          <li>
            <a
              className="sc-AxheI juDcHF"
              href="/subItem"
              onClick={[Function]}
            >
              <span
                className="sc-AxirZ cnzlxO"
                cursor="pointer"
                fontSize="medium"
              >
                Sub Item
              </span>
            </a>
          </li>
          <li>
            <a
              className="sc-AxheI juDcHF"
              href="/subItem"
              onClick={[Function]}
            >
              <span
                className="sc-AxirZ cnzlxO"
                cursor="pointer"
                fontSize="medium"
              >
                Sub Item
              </span>
            </a>
          </li>
          <li>
            <a
              className="sc-AxheI juDcHF"
              href="/subItem"
              onClick={[Function]}
            >
              <span
                className="sc-AxirZ cnzlxO"
                cursor="pointer"
                fontSize="medium"
              >
                Sub Item
              </span>
            </a>
          </li>
          <li>
            <a
              className="sc-AxheI juDcHF"
              href="/subItem"
              onClick={[Function]}
            >
              <span
                className="sc-AxirZ cnzlxO"
                cursor="pointer"
                fontSize="medium"
              >
                Sub Item
              </span>
            </a>
          </li>
          <li>
            <a
              className="sc-AxheI juDcHF"
              href="/subItem"
              onClick={[Function]}
            >
              <span
                className="sc-AxirZ cnzlxO"
                cursor="pointer"
                fontSize="medium"
              >
                Sub Item
              </span>
            </a>
          </li>
          <li>
            <a
              className="sc-AxheI juDcHF"
              href="/subItem"
              onClick={[Function]}
            >
              <span
                className="sc-AxirZ cnzlxO"
                cursor="pointer"
                fontSize="medium"
              >
                Sub Item
              </span>
            </a>
          </li>
        </ul>
      </div>
    </li>
    <li
      className="sc-fzozJi gcECS"
    >
      <a
        className="sc-Axmtr fGBbby"
        href="https://aiqfome.com/"
      >
        <div
          className="sc-AxhUy sc-AxmLO kmVXqP"
          color="primary"
        >
          <svg
            fill="currentColor"
            height={18}
            size={18}
            stroke="currentColor"
            strokeWidth="0"
            style={
              Object {
                "color": undefined,
              }
            }
            viewBox="0 0 24 24"
            width={18}
            xmlns="http://www.w3.org/2000/svg"
          >
            <path
              d="M17 3H7c-1.1 0-1.99.9-1.99 2L5 21l7-3 7 3V5c0-1.1-.9-2-2-2z"
            />
          </svg>
        </div>
        <span
          className="sc-AxirZ bAjyB"
          color="darkerGrey"
          cursor="pointer"
        >
          aiqfome
        </span>
      </a>
    </li>
  </ul>
</div>
`;
