// Jest Snapshot v1, https://goo.gl/fbAQLP

exports[`must match with the previous snapshot snapshot renders 1`] = `
<div
  className="sc-bdnylx izFfAG"
>
  <div
    className="sc-jSFkmK liokeG"
  >
    <table
      className="sc-eCApGN jcZVBO"
      role="table"
    >
      <thead>
        <tr
          className="sc-gtssRu guLcfq"
        >
          <th
            className="sc-dlnjPT gLLEWb"
            colSpan={1}
            id="col1"
            role="columnheader"
            width={150}
          >
            Column 1
          </th>
          <th
            className="sc-dlnjPT gLLEWb"
            colSpan={1}
            id="col2"
            role="columnheader"
            width={150}
          >
            Column 2
          </th>
        </tr>
      </thead>
      <tbody
        role="rowgroup"
      >
        <tr
          className="sc-gtssRu ecqTxl"
          onClick={[Function]}
          role="row"
        >
          <td
            className="sc-hKFyIo cHyMeM"
            id="col1"
            role="cell"
            width={150}
            wrap={0}
          >
            Hello
          </td>
          <td
            className="sc-hKFyIo cHyMeM"
            id="col2"
            role="cell"
            width={150}
            wrap={0}
          >
            World
          </td>
        </tr>
        <tr
          className="sc-gtssRu ecqTxl"
          onClick={[Function]}
          role="row"
        >
          <td
            className="sc-hKFyIo cHyMeM"
            id="col1"
            role="cell"
            width={150}
            wrap={0}
          >
            react-table
          </td>
          <td
            className="sc-hKFyIo cHyMeM"
            id="col2"
            role="cell"
            width={150}
            wrap={0}
          >
            rocks
          </td>
        </tr>
        <tr
          className="sc-gtssRu ecqTxl"
          onClick={[Function]}
          role="row"
        >
          <td
            className="sc-hKFyIo cHyMeM"
            id="col1"
            role="cell"
            width={150}
            wrap={0}
          >
            whatever
          </td>
          <td
            className="sc-hKFyIo cHyMeM"
            id="col2"
            role="cell"
            width={150}
            wrap={0}
          >
            you want
          </td>
        </tr>
      </tbody>
    </table>
  </div>
</div>
`;
